
> react-typescript-starter@0.1.0 test
> react-scripts test "--coverage"

PASS src/VisualizeRequirements/VisualizeRequirements.test.tsx (65.121 s)
  ● Console

    console.error
      Warning: React does not recognize the `controlID` prop on a DOM element. If you intentionally want it to appear in the DOM as a custom attribute, spell it as lowercase `controlid` instead. If you accidentally passed it from a parent component, remove it from the DOM element.
          at div
          at fn (/home/runner/work/cis-scheduler-team-27/cis-scheduler-team-27/node_modules/react-bootstrap/cjs/Row.js:22:3)
          at fn (/home/runner/work/cis-scheduler-team-27/cis-scheduler-team-27/node_modules/react-bootstrap/cjs/FormGroup.js:19:3)
          at div
          at fn (/home/runner/work/cis-scheduler-team-27/cis-scheduler-team-27/node_modules/react-bootstrap/cjs/Col.js:72:8)
          at div
          at fn (/home/runner/work/cis-scheduler-team-27/cis-scheduler-team-27/node_modules/react-bootstrap/cjs/Row.js:22:3)
          at div
          at fn (/home/runner/work/cis-scheduler-team-27/cis-scheduler-team-27/node_modules/react-bootstrap/cjs/Container.js:24:3)
          at div
          at fn (/home/runner/work/cis-scheduler-team-27/cis-scheduler-team-27/src/Course/CourseEditor.tsx:6:5)
          at fn (/home/runner/work/cis-scheduler-team-27/cis-scheduler-team-27/src/Course/CourseView.tsx:26:41)

      at printWarning (node_modules/react-dom/cjs/react-dom.development.js:67:30)
      at error (node_modules/react-dom/cjs/react-dom.development.js:43:5)
      at validateProperty$1 (node_modules/react-dom/cjs/react-dom.development.js:3513:7)
      at warnUnknownProperties (node_modules/react-dom/cjs/react-dom.development.js:3559:21)
      at validateProperties$2 (node_modules/react-dom/cjs/react-dom.development.js:3583:3)
      at validatePropertiesInDevelopment (node_modules/react-dom/cjs/react-dom.development.js:8765:5)
      at setInitialProperties (node_modules/react-dom/cjs/react-dom.development.js:9041:5)
      at finalizeInitialChildren (node_modules/react-dom/cjs/react-dom.development.js:10201:3)

PASS src/Course/MoveCourses.test.tsx (39.6 s)
PASS src/Semester/Semester.test.tsx
PASS src/Plan/Plan.test.tsx
PASS src/Course/EditCourse.test.tsx (9.778 s)
  ● Console

    console.error
      Warning: React does not recognize the `controlID` prop on a DOM element. If you intentionally want it to appear in the DOM as a custom attribute, spell it as lowercase `controlid` instead. If you accidentally passed it from a parent component, remove it from the DOM element.
          at div
          at fn (/home/runner/work/cis-scheduler-team-27/cis-scheduler-team-27/node_modules/react-bootstrap/cjs/Row.js:22:3)
          at fn (/home/runner/work/cis-scheduler-team-27/cis-scheduler-team-27/node_modules/react-bootstrap/cjs/FormGroup.js:19:3)
          at div
          at fn (/home/runner/work/cis-scheduler-team-27/cis-scheduler-team-27/node_modules/react-bootstrap/cjs/Col.js:72:8)
          at div
          at fn (/home/runner/work/cis-scheduler-team-27/cis-scheduler-team-27/node_modules/react-bootstrap/cjs/Row.js:22:3)
          at div
          at fn (/home/runner/work/cis-scheduler-team-27/cis-scheduler-team-27/node_modules/react-bootstrap/cjs/Container.js:24:3)
          at div
          at fn (/home/runner/work/cis-scheduler-team-27/cis-scheduler-team-27/src/Course/CourseEditor.tsx:6:5)
          at fn (/home/runner/work/cis-scheduler-team-27/cis-scheduler-team-27/src/Course/CourseView.tsx:26:41)

      at printWarning (node_modules/react-dom/cjs/react-dom.development.js:67:30)
      at error (node_modules/react-dom/cjs/react-dom.development.js:43:5)
      at validateProperty$1 (node_modules/react-dom/cjs/react-dom.development.js:3513:7)
      at warnUnknownProperties (node_modules/react-dom/cjs/react-dom.development.js:3559:21)
      at validateProperties$2 (node_modules/react-dom/cjs/react-dom.development.js:3583:3)
      at validatePropertiesInDevelopment (node_modules/react-dom/cjs/react-dom.development.js:8765:5)
      at setInitialProperties (node_modules/react-dom/cjs/react-dom.development.js:9041:5)
      at finalizeInitialChildren (node_modules/react-dom/cjs/react-dom.development.js:10201:3)

PASS src/Course/CourseView.test.tsx (9.323 s)
PASS src/Course/Course.test.tsx (6.989 s)
PASS src/Welcome.test.tsx
-------------------------------|---------|----------|---------|---------|-------------------------------------------
File                           | % Stmts | % Branch | % Funcs | % Lines | Uncovered Line #s                         
-------------------------------|---------|----------|---------|---------|-------------------------------------------
All files                      |   29.59 |    18.18 |   36.34 |   29.74 |                                           
 src                           |     100 |      100 |     100 |     100 |                                           
  App.tsx                      |     100 |      100 |     100 |     100 |                                           
  interfaces.tsx               |       0 |        0 |       0 |       0 |                                           
  openingInstruction.tsx       |     100 |      100 |     100 |     100 |                                           
 src/Course                    |   81.63 |    71.42 |   78.57 |   82.97 |                                           
  CourseCard.tsx               |     100 |      100 |     100 |     100 |                                           
  CourseDisplay.tsx            |   66.66 |       50 |     100 |   66.66 | 12                                        
  CourseEditor.tsx             |   76.47 |       50 |    62.5 |   81.25 | 47,52,85                                  
  CoursePool.tsx               |     100 |       50 |     100 |     100 | 14                                        
  CourseView.tsx               |   76.47 |      100 |   72.72 |      75 | 35-38,88                                  
 src/Plan                      |   94.44 |    66.66 |    91.3 |   93.93 |                                           
  AddPlan.tsx                  |     100 |      100 |     100 |     100 |                                           
  PlanEditor.tsx               |     100 |      100 |     100 |     100 |                                           
  PlanList.tsx                 |     100 |     62.5 |     100 |     100 | 71-74,80-91                               
  PlanView.tsx                 |     100 |      100 |     100 |     100 |                                           
  Planner.tsx                  |    87.5 |    66.66 |      80 |   84.61 | 25,32                                     
 src/Semester                  |      96 |    91.66 |   94.11 |   95.83 |                                           
  AddSemester.tsx              |     100 |      100 |     100 |     100 |                                           
  SemesterControl.tsx          |   93.33 |    83.33 |      90 |    92.3 | 48                                        
  SemesterEditor.tsx           |   91.66 |      100 |    87.5 |   91.66 | 25                                        
  SemesterList.tsx             |     100 |      100 |     100 |     100 |                                           
  SemesterView.tsx             |     100 |      100 |     100 |     100 |                                           
 src/VisualizeRequirements     |   22.41 |    13.93 |   24.13 |   22.15 |                                           
  AIConcentration.tsx          |    92.9 |    59.03 |     100 |   92.12 | 27,36,61,69,76,84,92,100,107,114          
  Bioinformatics.tsx           |       0 |        0 |       0 |       0 | 9-248                                     
  Cybersecurity.tsx            |       0 |        0 |       0 |       0 | 9-214                                     
  DataScience.tsx              |   91.15 |    55.17 |     100 |   90.15 | 27,36,45,53,61,69,76,84,92,99,107,114,121 
  HighPerformanceComputing.tsx |       0 |        0 |       0 |       0 | 13-225                                    
  SystemsNetworks.tsx          |       0 |        0 |       0 |       0 | 9-211                                     
  TheoryComputation.tsx        |       0 |        0 |       0 |       0 | 9-225                                     
  Traditional.tsx              |       0 |        0 |       0 |       0 | 9-205                                     
 src/interfaces                |       0 |        0 |       0 |       0 |                                           
  Course.ts                    |       0 |        0 |       0 |       0 |                                           
  Plan.tsx                     |       0 |        0 |       0 |       0 |                                           
  Semester.tsx                 |       0 |        0 |       0 |       0 |                                           
-------------------------------|---------|----------|---------|---------|-------------------------------------------

Test Suites: 8 passed, 8 total
Tests:       35 passed, 35 total
Snapshots:   0 total
Time:        135.265 s
Ran all test suites.
